[INFO] Scanning for projects...
[INFO]                                                                         
[INFO] ------------------------------------------------------------------------
[INFO] Building Meitou Admin Backend 1.0.0
[INFO] ------------------------------------------------------------------------
[INFO] 
[INFO] --- maven-resources-plugin:3.3.1:resources (default-resources) @ admin-backend ---
[INFO] Copying 3 resources from src\main\resources to target\classes
[INFO] Copying 15 resources from src\main\resources to target\classes
[INFO] 
[INFO] --- maven-compiler-plugin:3.11.0:compile (default-compile) @ admin-backend ---
[INFO] Nothing to compile - all classes are up to date
[INFO] 
[INFO] --- maven-resources-plugin:3.3.1:testResources (default-testResources) @ admin-backend ---
[INFO] skip non existing resourceDirectory C:\Users\Administrator\Desktop\AI需求\backend\src\test\resources
[INFO] 
[INFO] --- maven-compiler-plugin:3.11.0:testCompile (default-testCompile) @ admin-backend ---
[INFO] Nothing to compile - all classes are up to date
[INFO] 
[INFO] --- maven-surefire-plugin:3.1.2:test (default-test) @ admin-backend ---
[INFO] Using auto detected provider org.apache.maven.surefire.junitplatform.JUnitPlatformProvider
[INFO] 
[INFO] -------------------------------------------------------
[INFO]  T E S T S
[INFO] -------------------------------------------------------
[INFO] Running com.meitou.admin.service.app.RechargeServiceTest
mvn : Java HotSpot(TM)
 64-Bit Server VM warn
ing: Sharing is only s
upported for boot load
er classes because boo
tstrap classpath has b
een appended
所在位置 行:1 字符: 1
+ mvn test -Dtest=Rech
argeServiceTest > test
_output.txt 2>&1
+ ~~~~~~~~~~~~~~~~~~~~
~~~~~~~~~~~~~~~~~~~~~~
~~~~~~~~~~~~~~~~
    + CategoryInfo    
          : NotSpeci  
  fied: (Java HotSp   
 ot(TM...s been ap    
pended:String) []    ,
 RemoteException
    + FullyQualifiedE 
   rrorId : NativeCo  
  mmandError
 
20:48:39.053 [main] WARN com.meitou.admin.util.RateLimiter -- 频率限制触发：key=recharge_create_1, 当前次数=3, 限制=3/60秒
20:48:39.058 [main] WARN com.meitou.admin.service.app.RechargeService -- 订单创建频率超限：用户ID=1
20:48:39.109 [pool-2-thread-9] INFO com.meitou.admin.service.app.RechargeService -- 用户余额更新成功：用户ID=1, 订单号=R1234567890, 增加算力=10000, 余额变更后=1000
20:48:39.109 [pool-2-thread-3] INFO com.meitou.admin.service.app.RechargeService -- 订单已支付，跳过处理：R1234567890
20:48:39.109 [pool-2-thread-1] INFO com.meitou.admin.service.app.RechargeService -- 订单已支付，跳过处理：R1234567890
20:48:39.109 [pool-2-thread-9] INFO com.meitou.admin.service.app.RechargeService -- 订单支付成功：订单号=R1234567890, 用户ID=1, 金额=100.00, 算力=10000
20:48:39.109 [pool-2-thread-10] INFO com.meitou.admin.service.app.RechargeService -- 订单已支付，跳过处理：R1234567890
20:48:39.109 [pool-2-thread-4] INFO com.meitou.admin.service.app.RechargeService -- 订单已支付，跳过处理：R1234567890
20:48:39.110 [pool-2-thread-8] INFO com.meitou.admin.service.app.RechargeService -- 订单已支付，跳过处理：R1234567890
20:48:39.109 [pool-2-thread-5] INFO com.meitou.admin.service.app.RechargeService -- 订单已被其他请求处理，跳过本次回调：订单号=R1234567890
20:48:39.110 [pool-2-thread-6] INFO com.meitou.admin.service.app.RechargeService -- 订单已被其他请求处理，跳过本次回调：订单号=R1234567890
20:48:39.110 [pool-2-thread-7] INFO com.meitou.admin.service.app.RechargeService -- 订单已支付，跳过处理：R1234567890
20:48:39.110 [pool-2-thread-2] INFO com.meitou.admin.service.app.RechargeService -- 订单已支付，跳过处理：R1234567890
20:48:39.174 [pool-3-thread-9] WARN com.meitou.admin.util.RateLimiter -- 频率限制触发：key=recharge_create_1, 当前次数=3, 限制=3/60秒
20:48:39.174 [pool-3-thread-9] WARN com.meitou.admin.service.app.RechargeService -- 订单创建频率超限：用户ID=1
20:48:39.174 [pool-3-thread-7] WARN com.meitou.admin.util.RateLimiter -- 频率限制触发：key=recharge_create_1, 当前次数=3, 限制=3/60秒
20:48:39.175 [pool-3-thread-7] WARN com.meitou.admin.service.app.RechargeService -- 订单创建频率超限：用户ID=1
20:48:39.175 [pool-3-thread-5] WARN com.meitou.admin.util.RateLimiter -- 频率限制触发：key=recharge_create_1, 当前次数=3, 限制=3/60秒
20:48:39.175 [pool-3-thread-5] WARN com.meitou.admin.service.app.RechargeService -- 订单创建频率超限：用户ID=1
20:48:39.175 [pool-3-thread-8] WARN com.meitou.admin.util.RateLimiter -- 频率限制触发：key=recharge_create_1, 当前次数=3, 限制=3/60秒
20:48:39.175 [pool-3-thread-8] WARN com.meitou.admin.service.app.RechargeService -- 订单创建频率超限：用户ID=1
20:48:39.175 [pool-3-thread-10] WARN com.meitou.admin.util.RateLimiter -- 频率限制触发：key=recharge_create_1, 当前次数=3, 限制=3/60秒
20:48:39.175 [pool-3-thread-10] WARN com.meitou.admin.service.app.RechargeService -- 订单创建频率超限：用户ID=1
20:48:39.175 [pool-3-thread-4] WARN com.meitou.admin.util.RateLimiter -- 频率限制触发：key=recharge_create_1, 当前次数=3, 限制=3/60秒
20:48:39.175 [pool-3-thread-4] WARN com.meitou.admin.service.app.RechargeService -- 订单创建频率超限：用户ID=1
20:48:39.175 [pool-3-thread-2] WARN com.meitou.admin.util.RateLimiter -- 频率限制触发：key=recharge_create_1, 当前次数=3, 限制=3/60秒
20:48:39.176 [pool-3-thread-2] WARN com.meitou.admin.service.app.RechargeService -- 订单创建频率超限：用户ID=1
[ERROR] Tests run: 4, Failures: 1, Errors: 0, Skipped: 0, Time elapsed: 2.906 s <<< FAILURE! -- in com.meitou.admin.service.app.RechargeServiceTest
[ERROR] com.meitou.admin.service.app.RechargeServiceTest.testPaymentCallbackIdempotency_Concurrent -- Time elapsed: 0.057 s <<< FAILURE!
org.mockito.exceptions.verification.TooFewActualInvocations: 

rechargeOrderMapper.updateToPaidIfNotPaid(
    <any>
);
Wanted 10 times:
-> at com.meitou.admin.service.app.RechargeServiceTest.testPaymentCallbackIdempotency_Concurrent(RechargeServiceTest.java:201)
But was 3 times:
-> at com.meitou.admin.service.app.RechargeService.handlePaymentCallback(RechargeService.java:311)
-> at com.meitou.admin.service.app.RechargeService.handlePaymentCallback(RechargeService.java:311)
-> at com.meitou.admin.service.app.RechargeService.handlePaymentCallback(RechargeService.java:311)

	at com.meitou.admin.service.app.RechargeServiceTest.testPaymentCallbackIdempotency_Concurrent(RechargeServiceTest.java:201)
	at java.base/java.lang.reflect.Method.invoke(Method.java:568)
	at java.base/java.util.ArrayList.forEach(ArrayList.java:1511)
	at java.base/java.util.ArrayList.forEach(ArrayList.java:1511)

[INFO] 
[INFO] Results:
[INFO] 
[ERROR] Failures: 
[ERROR]   RechargeServiceTest.testPaymentCallbackIdempotency_Concurrent:201 
rechargeOrderMapper.updateToPaidIfNotPaid(
    <any>
);
Wanted 10 times:
-> at com.meitou.admin.service.app.RechargeServiceTest.testPaymentCallbackIdempotency_Concurrent(RechargeServiceTest.java:201)
But was 3 times:
-> at com.meitou.admin.service.app.RechargeService.handlePaymentCallback(RechargeService.java:311)
-> at com.meitou.admin.service.app.RechargeService.handlePaymentCallback(RechargeService.java:311)
-> at com.meitou.admin.service.app.RechargeService.handlePaymentCallback(RechargeService.java:311)

[INFO] 
[ERROR] Tests run: 4, Failures: 1, Errors: 0, Skipped: 0
[INFO] 
[INFO] ------------------------------------------------------------------------
[INFO] BUILD FAILURE
[INFO] ------------------------------------------------------------------------
[INFO] Total time: 5.843 s
[INFO] Finished at: 2026-01-14T20:48:39+08:00
[INFO] Final Memory: 25M/160M
[INFO] ------------------------------------------------------------------------
[WARNING] The requested profile "nexusfile" could not be activated because it does not exist.
[ERROR] Failed to execute goal org.apache.maven.plugins:maven-surefire-plugin:3.1.2:test (default-test) on project admin-backend: There are test failures.
[ERROR] 
[ERROR] Please refer to C:\Users\Administrator\Desktop\AI需求\backend\target\surefire-reports for the individual test results.
[ERROR] Please refer to dump files (if any exist) [date].dump, [date]-jvmRun[N].dump and [date].dumpstream.
[ERROR] -> [Help 1]
[ERROR] 
[ERROR] To see the full stack trace of the errors, re-run Maven with the -e switch.
[ERROR] Re-run Maven using the -X switch to enable full debug logging.
[ERROR] 
[ERROR] For more information about the errors and possible solutions, please read the following articles:
[ERROR] [Help 1] http://cwiki.apache.org/confluence/display/MAVEN/MojoFailureException
